src/App.tsx(1,1): error TS6133: 'React' is declared but its value is never read.
src/components/admin/modules/admin/EODSummary.tsx(1,1): error TS6133: 'React' is declared but its value is never read.
src/components/admin/modules/analytics/AnalyticsDashboard.tsx(1,1): error TS6133: 'React' is declared but its value is never read.
src/components/admin/modules/analytics/AnalyticsDashboard.tsx(3,3): error TS6133: 'BarChart3' is declared but its value is never read.
src/components/admin/modules/billing/PaymentSettlement.tsx(1,8): error TS6133: 'React' is declared but its value is never read.
src/components/admin/modules/billing/SplitMergeFlow.tsx(1,8): error TS6133: 'React' is declared but its value is never read.
src/components/admin/modules/billing/SplitMergeFlow.tsx(8,3): error TS6133: 'Trash2' is declared but its value is never read.
src/components/admin/modules/crm/CustomerCRM.tsx(1,1): error TS6133: 'React' is declared but its value is never read.
src/components/admin/modules/crm/CustomerCRM.tsx(3,3): error TS6133: 'Users' is declared but its value is never read.
src/components/admin/modules/floor/FloorManagement.tsx(1,8): error TS6133: 'React' is declared but its value is never read.
src/components/admin/modules/kitchen/KitchenTicketScreen.tsx(1,1): error TS6133: 'React' is declared but its value is never read.
src/components/admin/modules/menu/MenuManager.tsx(1,8): error TS6133: 'React' is declared but its value is never read.
src/components/admin/modules/offers/OffersManager.tsx(1,1): error TS6133: 'React' is declared but its value is never read.
src/components/admin/modules/pos/POSBilling.tsx(1,8): error TS6133: 'React' is declared but its value is never read.
src/components/admin/modules/pos/POSBilling.tsx(6,3): error TS6133: 'Trash2' is declared but its value is never read.
src/components/admin/modules/pos/POSBilling.tsx(38,17): error TS6133: 'setTable' is declared but its value is never read.
src/components/admin/modules/pos/POSBilling.tsx(59,9): error TS6133: 'removeFromCart' is declared but its value is never read.
src/components/admin/modules/reservations/ReservationManager.tsx(1,8): error TS6133: 'React' is declared but its value is never read.
src/components/admin/modules/reservations/ReservationManager.tsx(9,3): error TS6133: 'Clock' is declared but its value is never read.
src/components/ui/Button.tsx(38,6): error TS2322: Type '{ children: (false | Element)[]; disabled?: boolean | undefined; form?: string | undefined; formAction?: string | ((formData: FormData) => void | Promise<void>) | undefined; ... 285 more ...; className: string; }' is not assignable to type 'Omit<HTMLMotionProps<"button">, "ref">'.
  Types of property 'onDrag' are incompatible.
    Type 'DragEventHandler<HTMLButtonElement> | undefined' is not assignable to type '((event: MouseEvent | TouchEvent | PointerEvent, info: PanInfo) => void) | undefined'.
      Type 'DragEventHandler<HTMLButtonElement>' is not assignable to type '(event: MouseEvent | TouchEvent | PointerEvent, info: PanInfo) => void'.
        Types of parameters 'event' and 'event' are incompatible.
          Type 'MouseEvent | TouchEvent | PointerEvent' is not assignable to type 'DragEvent<HTMLButtonElement>'.
            Type 'MouseEvent' is missing the following properties from type 'DragEvent<HTMLButtonElement>': dataTransfer, nativeEvent, isDefaultPrevented, isPropagationStopped, persist
src/layout/Footer.tsx(2,10): error TS2305: Module '"lucide-react"' has no exported member 'Instagram'.
src/layout/Footer.tsx(2,21): error TS2305: Module '"lucide-react"' has no exported member 'Facebook'.
src/layout/Footer.tsx(2,31): error TS2305: Module '"lucide-react"' has no exported member 'Twitter'.
src/layout/Navbar.tsx(5,20): error TS2307: Cannot find module '../ui/Button' or its corresponding type declarations.
src/layout/RootLayout.tsx(1,17): error TS1484: 'ReactNode' is a type and must be imported using a type-only import when 'verbatimModuleSyntax' is enabled.
src/layout/RootLayout.tsx(1,17): error TS6133: 'ReactNode' is declared but its value is never read.
src/pages/customer/LandingPage.tsx(8,3): error TS2305: Module '"lucide-react"' has no exported member 'Instagram'.
src/pages/customer/LandingPage.tsx(12,3): error TS6133: 'Users' is declared but its value is never read.
src/pages/Home/Home.tsx(7,51): error TS6133: 'Users' is declared but its value is never read.
src/pages/Home/Home.tsx(161,12): error TS2304: Cannot find name 'AnimatePresence'.
src/pages/Home/Home.tsx(233,13): error TS2304: Cannot find name 'AnimatePresence'.
src/pages/Menu/Menu.tsx(5,10): error TS6133: 'Search' is declared but its value is never read.
